// Jest Snapshot v1, https://goo.gl/fbAQLP

exports[`should render Feed correctly 1`] = `
<div>
  <h1>
    Feed
  </h1>
  <ul>
    <Peep
      key="0"
      peep={
        Object {
          "body": "test peep one",
        }
      }
    />
    <Peep
      key="1"
      peep={
        Object {
          "body": "test peep two",
        }
      }
    />
    <Peep
      key="2"
      peep={
        Object {
          "body": "test peep three",
        }
      }
    />
  </ul>
</div>
`;
