// Jest Snapshot v1, https://goo.gl/fbAQLP

exports[`should render Feed correctly 1`] = `
<nav
  className="navbar navbar-expand-lg navbar-light bg-light"
>
  <NavLink
    activeClassName="is-active"
    ariaCurrent="true"
    className="nav-link"
    exact={true}
    to="/homepage"
  >
     Chitter 
  </NavLink>
  <button
    aria-controls="navbarNav"
    aria-expanded="false"
    aria-label="Toggle navigation"
    className="navbar-toggler"
    data-target="#navbarNav"
    data-toggle="collapse"
    type="button"
  >
    <span
      className="navbar-toggler-icon"
    />
  </button>
  <div
    className="collapse navbar-collapse"
    id="navbarNav"
  >
    <ul
      className="navbar-nav"
    >
      <li
        className="nav-item active"
      >
        <NavLink
          activeClassName="is-active"
          ariaCurrent="true"
          className="nav-link"
          exact={true}
          to="/"
        >
           Login 
        </NavLink>
      </li>
      <li
        className="nav-item active"
      >
        <NavLink
          activeClassName="is-active"
          ariaCurrent="true"
          className="nav-link"
          exact={true}
          to="/users/new"
        >
           Register 
        </NavLink>
      </li>
    </ul>
  </div>
</nav>
`;
