// Jest Snapshot v1, https://goo.gl/fbAQLP

exports[`should render Feed correctly 1`] = `
<div
  className="border"
>
  <p>
    #
    toddpla
     @ 
    2018-11-17T19:40:58.497Z
  </p>
  <p>
    test peep one
  </p>
  <Connect(Like)
    id={1}
    likes={Array []}
  />
  <button
    onClick={[Function]}
  >
    Delete
  </button>
</div>
`;
